[www.interpals.net/ItsGilia55d.html]
[backblue.gif]
[fade.gif]
[index.html]
[www.interpals.net/images/favicon.svg]
[www.interpals.net/index.html]
[www.interpals.net/images/apple-touch-icon.png]
[www.interpals.net/assets/aa7c997ca5586c4fe67a/interpals.aa7c997ca5586c4fe67a.min.js]
[ipstatic.net/index.html]
[www.interpals.net/assets/aa7c997ca5586c4fe67a/vendor.aa7c997ca5586c4fe67a.min.js]
[www.interpals.net/assets/aa7c997ca5586c4fe67a/interpals.aa7c997ca5586c4fe67a.min.css]
[cdnjs.cloudflare.com/ajax/libs/font-awesome/6.5.2/css/all.min.css]
[ajax.googleapis.com/ajax/libs/jquery/1.10.2/jquery.min.js]
[securepubads.g.doubleclick.net/tag/js/f.txt]
[www.interpals.net/js/prebid9.41.0.js]
[www.interpals.net/js/interpals/ads-init.js]
[pagead2.googlesyndication.com/pagead/js/f.txt]
[ajax.googleapis.com/ajax/libs/jqueryui/1.10.3/jquery-ui.min.js]
[connect.facebook.net/en_US/sdk.js]
[www.googletagmanager.com/gtag/js3ccd]
[www.google.com/recaptcha/apieebe.js]
[www.interpals.net/images/logo-blue-yellow-bubble.svg]
[www.interpals.net/images/logo-interpals-blue-yellow-bubble.svg]
[www.interpals.net/app/langex.html]
[cdnjs.cloudflare.com/ajax/libs/leaflet/0.7.7/leaflet.css]
[cdnjs.cloudflare.com/ajax/libs/leaflet/0.7.7/leaflet.js]
[ipstatic.net/images/circle-flags/flags/il.svg]
[www.interpals.net/app/signup.html]
[www.interpals.net/app/about.html]
[www.interpals.net/app/donate.html]
[www.interpals.net/app/feedback.html]
[www.interpals.net/app/faq.html]
[www.interpals.net/app/forgot.html]
[www.interpals.net/app/tos.html]
[www.interpals.net/ItsGilia55d.html]
[www.interpals.net/app/privacy.html]
[ipstatic.net/images/logo-rounded-corners.png]
[www.interpals.net/images/icons/env-blu-16.png]
[appleid.cdn-apple.com/appleauth/static/jsapi/appleid/1/en_US/appleid.auth.js]
[www.interpals.net/images/logo-interpals-v2-white.svg]
[www.interpals.net/index211b.html]
[accounts.google.com/o/oauth2/v2/auth.61.delayed]
[www.interpals.net/images/hp-card2.jpg]
[www.interpals.net/images/hp-card3.jpg]
[accounts.google.com/signin/oauth/errorf0b6.html]
[www.interpals.net/images/hp-card4.jpg]
[www.interpals.net/images/hp-card5.jpg]
[www.interpals.net/images/hp-card6.jpg]
[www.interpals.net/images/hp-card7.jpg]
[www.interpals.net/images/hp-card8.jpg]
[www.interpals.net/images/hp-card1.jpg]
[apps.apple.com/us/app/interpals/id1220469418.html]
[www.interpals.net/images/app-download-badges/app-store-en.svg]
[www.interpals.net/images/app-download-badges/google-play-en.svg]
[play.google.com/store/apps/detailsb31e.html]
[www.w3.org/2000/svg.html]
[ipstatic.net/thumbs/100x100/7a/12/1255x1920_1892335106709728733_1892336127592271872eaf8.jpg]
[ipstatic.net/images/circle-flags/flags/kr.svg]
[ipstatic.net/thumbs/100x100/ff/c2/486x1080_1883882378418643689_1883884195079798784f8a8.jpg]
[ipstatic.net/images/circle-flags/flags/hu.svg]
[ipstatic.net/thumbs/100x100/ba/dd/700x525_1832067099085914176_1832067453871945137a8ca.jpg]
[ipstatic.net/images/circle-flags/flags/au.svg]
[ipstatic.net/thumbs/100x100/96/a1/599x800_286552163025776640_1803851043725084256e4f3.jpg]
[ipstatic.net/images/circle-flags/flags/cy.svg]
[ipstatic.net/thumbs/100x100/06/e3/696x1080_1895373839370934864_1895377502855589888eef5.jpg]
[ipstatic.net/images/circle-flags/flags/pk.svg]
[ipstatic.net/thumbs/100x100/9d/b8/810x1080_1787695718682506650_1787697067936456704aa45.jpg]
[ipstatic.net/images/circle-flags/flags/in.svg]
[ipstatic.net/thumbs/100x100/6f/18/1080x1044_1564000871797449375_18771468144767631360e2d.jpg]
[ipstatic.net/images/circle-flags/flags/tr.svg]
[ipstatic.net/thumbs/100x100/e2/18/619x555_1801830846337491306_18018309655943180728cba.jpg]
[ipstatic.net/images/circle-flags/flags/us.svg]
[ipstatic.net/thumbs/100x100/e1/ec/700x699_1290175455014496421_175186487402767232424b1.jpg]
[ipstatic.net/images/circle-flags/flags/ph.svg]
[ipstatic.net/thumbs/100x100/65/c3/700x525_1868841592773968115_1872666455578624452a8ca.jpg]
[ipstatic.net/images/circle-flags/flags/br.svg]
[ipstatic.net/thumbs/100x100/23/80/728x670_1437974395429232712_1445396684901216256d521.jpg]
[ipstatic.net/images/circle-flags/flags/jp.svg]
[ipstatic.net/thumbs/100x100/33/57/734x1080_1890836640764824947_18943468514486149128407.jpg]
[ipstatic.net/images/circle-flags/flags/id.svg]
[ipstatic.net/thumbs/100x100/3f/ab/1080x1082_1767354639877940418_176735721977145753604f2.jpg]
[ipstatic.net/images/circle-flags/flags/tn.svg]
[ipstatic.net/thumbs/100x100/ac/a6/810x1080_1871117451869637259_1871118372938514432123d.jpg]
[ipstatic.net/images/circle-flags/flags/de.svg]
[ipstatic.net/thumbs/100x100/98/6f/864x1184_1887942455673708715_1900879318946230272a530.jpg]
[ipstatic.net/images/circle-flags/flags/be.svg]
[ipstatic.net/thumbs/100x100/7f/04/900x1600_1890339005547148194_18903393685298831363b63.jpg]
[ipstatic.net/images/circle-flags/flags/cz.svg]
[ipstatic.net/thumbs/100x100/28/0a/736x736_1648968024866424477_170749365119506841625cc.jpg]
[ipstatic.net/images/circle-flags/flags/az.svg]
[ipstatic.net/thumbs/100x100/a8/f9/3000x4000_1685790827025863593_1685791760603451392cf85.jpg]
[ipstatic.net/images/circle-flags/flags/ru.svg]
[ipstatic.net/thumbs/100x100/8d/d0/1280x720_1892529289286817719_1892533491331186688b538.jpg]
[ipstatic.net/images/circle-flags/flags/eg.svg]
[ipstatic.net/thumbs/100x100/03/9e/1080x810_1885850276654066424_1885852001583448064e383.jpg]
[ipstatic.net/images/circle-flags/flags/ae.svg]
[ipstatic.net/thumbs/100x100/10/f5/553x800_1857530321297990096_1857531266704133282c009.jpg]
[ipstatic.net/images/circle-flags/flags/sg.svg]
[ipstatic.net/thumbs/100x100/21/0d/1024x1024_1624869971035531342_1893765528486776832f7df.jpg]
[ipstatic.net/images/circle-flags/flags/ge.svg]
[ipstatic.net/thumbs/100x100/cb/67/700x700_1861818760957460850_1861818886905467175521e.jpg]
[ipstatic.net/images/circle-flags/flags/it.svg]
[ipstatic.net/thumbs/100x100/d1/96/640x640_1861213943511624335_186333587088514193507b6.jpg]
[ipstatic.net/images/circle-flags/flags/gb.svg]
[www.interpals.net/app/safety.a4.delayed]
[www.interpals.net/index.html]
[www.interpals.net/images/favicon.svg]
[ipstatic.net/images/icons/env-blu-16.png]
[ipstatic.net/assets/aa7c997ca5586c4fe67a/interpals.aa7c997ca5586c4fe67a.min.js]
[ipstatic.net/images/logo-interpals-v2-white.svg]
[ipstatic.net/assets/aa7c997ca5586c4fe67a/interpals.aa7c997ca5586c4fe67a.min.css]
[ipstatic.net/app/signup.html]
[ipstatic.net/index211b.html]
[ipstatic.net/images/hp-card2.jpg]
[ipstatic.net/images/hp-card3.jpg]
[ipstatic.net/images/hp-card4.jpg]
[ipstatic.net/images/hp-card5.jpg]
[ipstatic.net/images/hp-card6.jpg]
[ipstatic.net/images/hp-card7.jpg]
[ipstatic.net/images/hp-card8.jpg]
[ipstatic.net/images/hp-card1.jpg]
[ipstatic.net/images/app-download-badges/app-store-en.svg]
[ipstatic.net/images/app-download-badges/google-play-en.svg]
[ipstatic.net/app/forgot.html]
[ipstatic.net/app/about.html]
[ipstatic.net/app/feedback.html]
[ipstatic.net/app/safety]
[ipstatic.net/app/privacy.html]
[ipstatic.net/index.html]
[pagead2.googlesyndication.com/index.html]
[www.googletagmanager.com/index.html]
[googleads.g.doubleclick.net/index.html]
[connect.facebook.net/index.html]
[cdn.jsdelivr.net/index.html]
[ipstatic.net/app/tos.html]
[www.interpals.net/assets/aa7c997ca5586c4fe67a/interpals.aa7c997ca5586c4fe67a.min.css]
[cdnjs.cloudflare.com/ajax/libs/font-awesome/6.5.2/webfonts/fa-brands-400.woff2]
[www.jsdelivr.com/index.html]
[cdnjs.cloudflare.com/ajax/libs/font-awesome/6.5.2/webfonts/fa-brands-400.ttf]
[cdnjs.cloudflare.com/ajax/libs/font-awesome/6.5.2/webfonts/fa-regular-400.woff2]
[cdnjs.cloudflare.com/ajax/libs/font-awesome/6.5.2/webfonts/fa-regular-400.ttf]
[www.facebook.com/index.html]
[marketingplatform.google.com/about/enterprise/index.html]
[cdnjs.cloudflare.com/ajax/libs/font-awesome/6.5.2/webfonts/fa-solid-900.woff2]
[cdnjs.cloudflare.com/ajax/libs/font-awesome/6.5.2/webfonts/fa-v4compatibility.woff2]
[cdnjs.cloudflare.com/ajax/libs/font-awesome/6.5.2/css/all.min.css]
[cdnjs.cloudflare.com/ajax/libs/font-awesome/6.5.2/webfonts/fa-v4compatibility.ttf]
[cdnjs.cloudflare.com/ajax/libs/font-awesome/6.5.2/webfonts/fa-solid-900.ttf]
[fonts.gstatic.com/s/inter/v20/UcCO3FwrK3iLTeHuS_nVMrMxCp50SjIw2boKoduKmMEVuOKfMZg.ttf]
[fonts.gstatic.com/s/inter/v20/UcCO3FwrK3iLTeHuS_nVMrMxCp50SjIw2boKoduKmMEVuLyfMZg.ttf]
[fonts.gstatic.com/s/inter/v20/UcCO3FwrK3iLTeHuS_nVMrMxCp50SjIw2boKoduKmMEVuI6fMZg.ttf]
[fonts.gstatic.com/s/inter/v20/UcCO3FwrK3iLTeHuS_nVMrMxCp50SjIw2boKoduKmMEVuGKYMZg.ttf]
[fonts.gstatic.com/s/inter/v20/UcCO3FwrK3iLTeHuS_nVMrMxCp50SjIw2boKoduKmMEVuFuYMZg.ttf]
[fonts.gstatic.com/s/inter/v20/UcCO3FwrK3iLTeHuS_nVMrMxCp50SjIw2boKoduKmMEVuDyYMZg.ttf]
[fonts.gstatic.com/s/nunito/v32/XRXI3I6Li01BKofiOc5wtlZ2di8HDLshRTM.ttf]
[fonts.gstatic.com/s/nunito/v32/XRXI3I6Li01BKofiOc5wtlZ2di8HDGUmRTM.ttf]
[fonts.googleapis.com/css2d34f.css]
[securepubads.g.doubleclick.net/index.html]
[connect.facebook.net/en_US/sdk.js]
[www.interpals.net/images/logo-blue-yellow-bubble.svg]
[www.interpals.net/images/logo-interpals-blue-yellow-bubble.svg]
[fonts.gstatic.com/s/nunito/v32/XRXI3I6Li01BKofiOc5wtlZ2di8HDFwmRTM.ttf]
[www.interpals.net/app/images/favicon.svg]
[www.interpals.net/images/circle-flags/flags/in.svg]
[www.interpals.net/images/circle-flags/flags/it.svg]
[www.interpals.net/images/circle-flags/flags/de.svg]
[www.interpals.net/images/circle-flags/flags/sa.svg]
[www.interpals.net/images/circle-flags/flags/pt.svg]
[www.interpals.net/images/circle-flags/flags/es.svg]
[www.interpals.net/images/circle-flags/flags/gb.svg]
[www.interpals.net/images/circle-flags/flags/ru.svg]
[www.interpals.net/images/circle-flags/flags/fr.svg]
[www.interpals.net/images/circle-flags/flags/kr.svg]
[www.interpals.net/images/circle-flags/flags/jp.svg]
[www.interpals.net/images/circle-flags/flags/cn.svg]
[www.interpals.net/images/circle-flags/flags/dj.svg]
[www.interpals.net/images/circle-flags/flags/za.svg]
[www.interpals.net/images/circle-flags/flags/et.svg]
[www.interpals.net/images/circle-flags/flags/bo.svg]
[www.interpals.net/images/circle-flags/flags/az.svg]
[www.interpals.net/images/circle-flags/flags/by.svg]
[www.interpals.net/images/circle-flags/flags/bg.svg]
[www.interpals.net/images/circle-flags/flags/bd.svg]
[www.interpals.net/images/circle-flags/flags/cz.svg]
[www.interpals.net/images/circle-flags/flags/gb-wls.svg]
[www.interpals.net/images/circle-flags/flags/dk.svg]
[www.interpals.net/images/circle-flags/flags/bt.svg]
[www.interpals.net/images/circle-flags/flags/gr.svg]
[www.interpals.net/images/circle-flags/flags/eu.svg]
[www.interpals.net/images/circle-flags/flags/ee.svg]
[www.interpals.net/images/circle-flags/flags/ir.svg]
[www.interpals.net/images/circle-flags/flags/fi.svg]
[www.interpals.net/images/circle-flags/flags/fj.svg]
[www.interpals.net/images/circle-flags/flags/fo.svg]
[www.interpals.net/images/circle-flags/flags/ie.svg]
[www.interpals.net/images/circle-flags/flags/gb-sct.svg]
[www.interpals.net/images/circle-flags/flags/py.svg]
[www.interpals.net/images/circle-flags/flags/ng.svg]
[www.interpals.net/images/circle-flags/flags/hr.svg]
[www.interpals.net/images/circle-flags/flags/ht.svg]
[www.interpals.net/images/circle-flags/flags/hu.svg]
[www.interpals.net/images/circle-flags/flags/am.svg]
[www.interpals.net/images/circle-flags/flags/is.svg]
[www.interpals.net/images/circle-flags/flags/ge.svg]
[www.interpals.net/images/circle-flags/flags/kz.svg]
[www.interpals.net/images/circle-flags/flags/gl.svg]
[www.interpals.net/images/circle-flags/flags/kh.svg]
[www.interpals.net/images/circle-flags/flags/kg.svg]
[www.interpals.net/images/circle-flags/flags/va.svg]
[www.interpals.net/images/circle-flags/flags/lu.svg]
[www.interpals.net/images/circle-flags/flags/cd.svg]
[www.interpals.net/images/circle-flags/flags/la.svg]
[www.interpals.net/images/circle-flags/flags/lt.svg]
[www.interpals.net/images/circle-flags/flags/lv.svg]
[www.interpals.net/images/circle-flags/flags/mg.svg]
[www.interpals.net/images/circle-flags/flags/nz.svg]
[www.interpals.net/images/circle-flags/flags/mk.svg]
[www.interpals.net/images/circle-flags/flags/mn.svg]
[www.interpals.net/images/circle-flags/flags/md.svg]
[www.interpals.net/images/circle-flags/flags/my.svg]
[www.interpals.net/images/circle-flags/flags/mt.svg]
[www.interpals.net/images/circle-flags/flags/mm.svg]
[www.interpals.net/images/circle-flags/flags/np.svg]
[www.interpals.net/images/circle-flags/flags/nl.svg]
[www.interpals.net/images/circle-flags/flags/no.svg]
[www.interpals.net/images/circle-flags/flags/pl.svg]
[www.interpals.net/images/circle-flags/flags/pe.svg]
[www.interpals.net/images/circle-flags/flags/bi.svg]
[www.interpals.net/images/circle-flags/flags/ro.svg]
[www.interpals.net/images/circle-flags/flags/rw.svg]
[www.interpals.net/images/circle-flags/flags/pk.svg]
[www.interpals.net/images/circle-flags/flags/zw.svg]
[www.interpals.net/images/circle-flags/flags/lk.svg]
[www.interpals.net/images/circle-flags/flags/sk.svg]
[www.interpals.net/images/circle-flags/flags/si.svg]
[www.interpals.net/images/circle-flags/flags/ws.svg]
[www.interpals.net/images/circle-flags/flags/so.svg]
[www.interpals.net/images/circle-flags/flags/al.svg]
[www.interpals.net/images/circle-flags/flags/rs.svg]
[www.interpals.net/images/circle-flags/flags/sz.svg]
[www.interpals.net/images/circle-flags/flags/ls.svg]
[www.interpals.net/images/circle-flags/flags/id.svg]
[www.interpals.net/images/circle-flags/flags/se.svg]
[www.interpals.net/images/circle-flags/flags/tz.svg]
[www.interpals.net/images/circle-flags/flags/tj.svg]
[www.interpals.net/images/circle-flags/flags/th.svg]
[www.interpals.net/images/circle-flags/flags/er.svg]
[www.interpals.net/images/circle-flags/flags/tm.svg]
[www.interpals.net/images/circle-flags/flags/ph.svg]
[www.interpals.net/images/circle-flags/flags/bw.svg]
[www.interpals.net/images/circle-flags/flags/tr.svg]
[www.interpals.net/images/circle-flags/flags/ua.svg]
[www.interpals.net/images/circle-flags/flags/uz.svg]
[www.interpals.net/images/circle-flags/flags/vn.svg]
[www.interpals.net/images/circle-flags/flags/sn.svg]
[www.interpals.net/app/langex.html]
[www.getfirefox.com/index.html]
[www.google.com/chrome/index.html]
[github.com/MicrosoftDocs/enduser-archived-pr/blob/5aca253e6c4a0f57cc190ddcca7038404916d44f/Internet-Explorer/internet-explorer-help.204.delayed]
[github.com/MicrosoftDocs/enduser-archived-pr/blob/live/Internet-Explorer/internet-explorer-help.205.delayed]
[support.microsoft.com/lib/bootstrap/dist/css/bootstrap.min5943.css]
[support.microsoft.com/css/promotionbanner/promotion-banner484e.css]
[support.microsoft.com/css/glyphs/glyphs9310.css]
[support.microsoft.com/css/fonts/site-fonts23a1.css]
[support.microsoft.com/css/MeControlCallout/teaching-calloutfbcb.css]
[support.microsoft.com/css/Learn/learn.mind4b0.css]
[support.microsoft.com/apple-touch-icon.png]
[support.microsoft.com/favicon-32x32.png]
[support.microsoft.com/favicon-16x16.png]
[www.microsoft.com/onerfstatics/marketingsites-wcus-prod/west-european/shell/_scrf/css/themes=default.device=uplevel_web_pc/63-57d110/c9-be0100/a6-e969ef/43-9f2e7c/82-8b5456/a0-5d3913/4f-460e79/ae-f1ac0c2f21.css]
[schema.org/Organization.html]
[uhf.microsoft.com/images/microsoft/RE1Mu3b.png]
[www.microsoft.com/en-us/microsoft-365ca11.html]
[www.microsoft.com/en-us/microsoft-365/microsoft-office94ae.html]
[support.xbox.com/index.html]
[support.xbox.com/help/games-apps/my-games-apps/all-about-pc-gaming.html]
[www.microsoft.com/en-us/microsoft-365.html]
[azure.microsoft.com/en-us332f.html]
[www.microsoft.com/en-us/surface.html]
[www.microsoft.com/en-us/windows/index.html]
[copilot.microsoft.com/index.html]
[www.microsoft.com/en-us/store/b/saled285.html]
[www.microsoft.com/en-us/store/b/business.html]
[apps.microsoft.com/home3209]
[www.microsoft.com/en-us/microsoft-365/outlook/email-and-calendar-software-microsoft-outlook.html]
[www.microsoft.com/en-us/microsoft-365/onedrive/online-cloud-storage.html]
[www.microsoft.com/en-us/microsoft-teams/group-chat-software.html]
[www.microsoft.com/en-us/microsoft-365/onenote/digital-note-taking-app.html]
[www.microsoft.com/en-us/edge3b31.html]
[www.microsoft.com/en-us/store/b/pcd094.html]
[www.microsoft.com/en-us/store/b/xbox30cb.html]
[www.microsoft.com/en-us/store/b/accessories3d24.html]
[www.microsoft.com/en-us/store/b/virtualrealityab8d.html]
[www.microsoft.com/en-us/store/b/certified-refurbished-products.html]
[www.microsoft.com/en-us/store/b/microsoft-trade-in.html]
[www.xbox.com/en-us/games/store/xbox-game-pass-ultimate/cfq7ttc0khs060ee.html]
[www.xbox.com/en-us/games/store/pc-game-pass/cfq7ttc0kgq85bee.html]
[www.microsoft.com/en-us/store/b/xboxgames7482.html]
[apps.microsoft.com/games.249.delayed]
[www.microsoft.com/en-us/ai0a2a.html]
[www.microsoft.com/en-us/security.html]
[www.microsoft.com/en-us/dynamics-365.html]
[www.microsoft.com/en-us/microsoft-365/business.html]
[www.microsoft.com/en-us/power-platform.html]
[www.microsoft.com/en-us/windows-365.html]
[www.microsoft.com/en-us/store/b/business500e.html]
[www.microsoft.com/en-us/sovereignty45b5.html]
[www.microsoft.com/en-us/software-development-companies/offers-benefits/isv-successb930.html]
[developer.microsoft.com/en-us/index.html]
[www.microsoft.com/en-us/software-development-companies415c.html]
[marketplace.microsoft.com/index4728.html]
[visualstudio.microsoft.com/index.html]
[www.microsoft.com/en-us/download.html]
[www.microsoft.com/en-us/education.html]
[techcommunity.microsoft.com/index.html]
[www.microsoft.com/en-us/store/b/gift-cardseced.html]
[www.microsoft.com/en-us/sitemap.html]
[unlocked.microsoft.com/index.html]
[www.microsoft.com/en-US/privacy/privacystatement.html]
[www.microsoft.com/en-us/surface/devices/surface-pro.html]
[www.microsoft.com/en-us/surface/devices/surface-laptop.html]
[www.microsoft.com/en-us/d/Surface-Laptop-Studio-2/8rqr54krf1dz.html]
[www.microsoft.com/en-us/microsoft-copilot/organizations2ca9.html]
[www.microsoft.com/en-us/microsoft-copilot/for-individualsdd16.html]
[www.microsoft.com/en-us/windows/ai-featuresc8e6.html]
[www.microsoft.com/en-us/microsoft-products-and-apps.html]
[www.microsoft.com/en-us/windows/apps-for-windows4b39.html]
[www.microsoft.com/en-us/store/b/returns.html]
[www.microsoft.com/en-us/store/b/order-tracking.html]
[www.microsoft.com/en-us/store/b/why-microsoft-store1c9e.html]
[www.microsoft.com/en-us/store/b/payment-financing-options0c09.html]
[www.microsoft.com/en-us/education/devices/overview.html]
[www.microsoft.com/en-us/education/products/teams.html]
[www.microsoft.com/en-us/education/products/microsoft-365.html]
[www.microsoft.com/en-us/education/how-to-buy.html]
[www.microsoft.com/en-us/store/b/education.html]
[www.microsoft.com/en-us/education/ai-in-education.html]
[www.microsoft.com/en-us/aif2c6.html]
[www.microsoft.com/en-us/microsoft-365-copilotab0a.html]
[www.microsoft.com/en-us/software-development-companies/offers-benefits/isv-success4a53.html]
[www.microsoft.com/en-us/about.html]
[www.microsoft.com/en-us/privacy4f9e.html]
[marketplace.microsoft.com/index63bb.html]
[news.microsoft.com/source/indexa297.html]
[www.microsoft.com/en-us/investor/default.html]
[www.microsoft.com/en-us/diversity/default39a5.html]
[www.microsoft.com/en-us/accessibility.html]
[www.microsoft.com/en-us/sustainability/index.html]
[support.microsoft.com/en-US/contactus.html]
[www.microsoft.com/en-us/legal/compliance/recycling.html]
[support.microsoft.com/lib/jquery/dist/jquery.minab13.js]
[support.microsoft.com/lib/bootstrap/dist/js/bootstrap.bundle.mindb9b.js]
[support.microsoft.com/lib/oneds/dist/ms.analytics-web-4.0.2.min9417.js]
[support.microsoft.com/lib/uhf/dist/uhfbundleb29a.js]
[mem.gfx.ms/meversion6d6e]
[login.microsoftonline.com/common/oauth2/v2.0/authorizee64c.html]
[login.microsoftonline.com/common/oauth2/v2.0/logout071a.html]
[login.microsoftonline.com/common/oauth2/v2.0/authorizeecd7.html]
[support.microsoft.com/js/SilentSignInManager.Main.min885b.js]
[login.microsoftonline.com/common/oauth2/v2.0/authorizef04f.html]
[support.microsoft.com/js/MeControlCallout.Main.minc066.js]
[support.microsoft.com/js/Support.Main.min441b.js]
[support.microsoft.com/js/ExtendedFeedback.Main.min51bc.js]
[support.microsoft.com/js/TabControl.Main.min433f.js]
[support.microsoft.com/js/LeftNavigation.Main.min40c2.js]
[support.microsoft.com/en-US/internet-explorer/internet-explorer-help.html]
[cdnjs.cloudflare.com/ajax/libs/leaflet/0.7.7/images/layers.png]
[cdnjs.cloudflare.com/ajax/libs/leaflet/0.7.7/images/layers-2x.png]
[cdnjs.cloudflare.com/ajax/libs/leaflet/0.7.7/leaflet.css]
[ipstatic.net/images/circle-flags/flags/il.svg]
[netdna.bootstrapcdn.com/font-awesome/4.0.3/css/font-awesome.css]
[www.w3.org/1999/xhtml/index.html]
[www.interpals.net/app/signup.html]
[challenges.cloudflare.com/turnstile/v0/b/883a1f27d85f/api.js]
[www.interpals.net/images/logo-interpals-v2.svg]
[www.interpals.net/indexa16d.html]
[www.interpals.net/images/logo/logo-1999.gif]
[www.interpals.net/images/logo/logo-2002.jpg]
[www.interpals.net/images/logo/logopenpals.png]
[web.archive.org/web/_/http_/www.interpals.html]
[www.interpals.net/feedback.php]
[www.interpals.net/app/about.html]
[www.interpals.net/blog/index.html]
[www.paypalobjects.com/en_US/i/btn/btn_donateCC_LG.gif]
[www.paypalobjects.com/en_US/i/scr/pixel.gif]
[www.interpals.net/app/donate.html]
[www.interpals.net/app/feedback.html]
[en.wikipedia.org/wiki/BBCode.html]
[play.google.com/store/apps/details3975.html]
[www.interpals.net/app/faq.html]
[www.interpals.net/app/forgot.html]
[policies.google.com/privacy.html]
[www.interpals.net/app/tos.html]
[policies.google.com/terms.html]
[www.interpals.net/app/privacy.html]
[fonts.googleapis.com/css2fb67.css]
[www.interpals.net/images/logo-interpals-v2-white.svg]
[www.interpals.net/index211b.html]
[accounts.google.com/signin/oauth/errorf0b6.html]
[apps.apple.com/us/app/interpals/id1220469418.html]
[www.interpals.net/images/app-download-badges/app-store-en.svg]
[play.google.com/store/apps/detailsb31e.html]
[www.interpals.net/images/app-download-badges/google-play-en.svg]
[www.w3.org/2000/svg.html]
[ipstatic.net/images/circle-flags/flags/kr.svg]
[ipstatic.net/images/circle-flags/flags/hu.svg]
[ipstatic.net/images/circle-flags/flags/au.svg]
[ipstatic.net/images/circle-flags/flags/cy.svg]
[ipstatic.net/images/circle-flags/flags/pk.svg]
[ipstatic.net/images/circle-flags/flags/in.svg]
[ipstatic.net/images/circle-flags/flags/tr.svg]
[ipstatic.net/images/circle-flags/flags/us.svg]
[ipstatic.net/images/circle-flags/flags/ph.svg]
[ipstatic.net/images/circle-flags/flags/br.svg]
[ipstatic.net/images/circle-flags/flags/jp.svg]
[ipstatic.net/images/circle-flags/flags/id.svg]
[ipstatic.net/images/circle-flags/flags/tn.svg]
[ipstatic.net/images/circle-flags/flags/de.svg]
[ipstatic.net/images/circle-flags/flags/be.svg]
[ipstatic.net/images/circle-flags/flags/cz.svg]
[ipstatic.net/images/circle-flags/flags/az.svg]
[ipstatic.net/images/circle-flags/flags/ru.svg]
[ipstatic.net/images/circle-flags/flags/eg.svg]
[ipstatic.net/images/circle-flags/flags/ae.svg]
[ipstatic.net/images/circle-flags/flags/sg.svg]
[ipstatic.net/images/circle-flags/flags/ge.svg]
[ipstatic.net/images/circle-flags/flags/it.svg]
[ipstatic.net/images/circle-flags/flags/gb.svg]
[www.interpals.net/app/safety.html]
[ipstatic.net/assets/aa7c997ca5586c4fe67a/interpals.aa7c997ca5586c4fe67a.min.css]
[ipstatic.net/images/logo-interpals-v2-white.svg]
[ipstatic.net/index211b.html]
[ipstatic.net/app/signup.html]
[ipstatic.net/images/app-download-badges/app-store-en.svg]
[ipstatic.net/images/app-download-badges/google-play-en.svg]
[ipstatic.net/app/forgot.html]
[ipstatic.net/app/about.html]
[ipstatic.net/app/feedback.html]
[ipstatic.net/app/safety.html]
[ipstatic.net/app/privacy.html]
[ipstatic.net/app/tos.html]
[marketingplatform.google.com/about/enterprise/index.html]
[www.facebook.com/index.html]
[www.jsdelivr.com/index.html]
[www.interpals.net/app/images/favicon.svg]
[www.interpals.net/images/circle-flags/flags/in.svg]
[www.interpals.net/images/circle-flags/flags/it.svg]
[www.interpals.net/images/circle-flags/flags/de.svg]
[www.interpals.net/images/circle-flags/flags/sa.svg]
[www.interpals.net/images/circle-flags/flags/pt.svg]
[www.interpals.net/images/circle-flags/flags/es.svg]
[www.interpals.net/images/circle-flags/flags/gb.svg]
[www.interpals.net/images/circle-flags/flags/ru.svg]
[www.interpals.net/images/circle-flags/flags/fr.svg]
[www.interpals.net/images/circle-flags/flags/kr.svg]
[www.interpals.net/images/circle-flags/flags/jp.svg]
[www.interpals.net/images/circle-flags/flags/cn.svg]
[www.interpals.net/images/circle-flags/flags/dj.svg]
[www.interpals.net/images/circle-flags/flags/za.svg]
[www.interpals.net/images/circle-flags/flags/et.svg]
[www.interpals.net/images/circle-flags/flags/bo.svg]
[www.interpals.net/images/circle-flags/flags/az.svg]
[www.interpals.net/images/circle-flags/flags/by.svg]
[www.interpals.net/images/circle-flags/flags/bg.svg]
[www.interpals.net/images/circle-flags/flags/bd.svg]
[www.interpals.net/images/circle-flags/flags/cz.svg]
[www.interpals.net/images/circle-flags/flags/gb-wls.svg]
[www.interpals.net/images/circle-flags/flags/dk.svg]
[www.interpals.net/images/circle-flags/flags/bt.svg]
[www.interpals.net/images/circle-flags/flags/gr.svg]
[www.interpals.net/images/circle-flags/flags/eu.svg]
[www.interpals.net/images/circle-flags/flags/ee.svg]
[www.interpals.net/images/circle-flags/flags/ir.svg]
[www.interpals.net/images/circle-flags/flags/fi.svg]
[www.interpals.net/images/circle-flags/flags/fj.svg]
[www.interpals.net/images/circle-flags/flags/fo.svg]
[www.interpals.net/images/circle-flags/flags/ie.svg]
[www.interpals.net/images/circle-flags/flags/gb-sct.svg]
[www.interpals.net/images/circle-flags/flags/py.svg]
[www.interpals.net/images/circle-flags/flags/ng.svg]
[www.interpals.net/images/circle-flags/flags/hr.svg]
[www.interpals.net/images/circle-flags/flags/ht.svg]
[www.interpals.net/images/circle-flags/flags/hu.svg]
[www.interpals.net/images/circle-flags/flags/am.svg]
[www.interpals.net/images/circle-flags/flags/is.svg]
[www.interpals.net/images/circle-flags/flags/ge.svg]
[www.interpals.net/images/circle-flags/flags/kz.svg]
[www.interpals.net/images/circle-flags/flags/gl.svg]
[www.interpals.net/images/circle-flags/flags/kh.svg]
[www.interpals.net/images/circle-flags/flags/kg.svg]
[www.interpals.net/images/circle-flags/flags/va.svg]
[www.interpals.net/images/circle-flags/flags/lu.svg]
[www.interpals.net/images/circle-flags/flags/cd.svg]
[www.interpals.net/images/circle-flags/flags/la.svg]
[www.interpals.net/images/circle-flags/flags/lt.svg]
[www.interpals.net/images/circle-flags/flags/lv.svg]
[www.interpals.net/images/circle-flags/flags/mg.svg]
[www.interpals.net/images/circle-flags/flags/nz.svg]
[www.interpals.net/images/circle-flags/flags/mk.svg]
[www.interpals.net/images/circle-flags/flags/mn.svg]
[www.interpals.net/images/circle-flags/flags/md.svg]
[www.interpals.net/images/circle-flags/flags/my.svg]
[www.interpals.net/images/circle-flags/flags/mt.svg]
[www.interpals.net/images/circle-flags/flags/mm.svg]
[www.interpals.net/images/circle-flags/flags/np.svg]
[www.interpals.net/images/circle-flags/flags/nl.svg]
[www.interpals.net/images/circle-flags/flags/no.svg]
[www.interpals.net/images/circle-flags/flags/pl.svg]
[www.interpals.net/images/circle-flags/flags/pe.svg]
[www.interpals.net/images/circle-flags/flags/bi.svg]
[www.interpals.net/images/circle-flags/flags/ro.svg]
[www.interpals.net/images/circle-flags/flags/rw.svg]
[www.interpals.net/images/circle-flags/flags/pk.svg]
[www.interpals.net/images/circle-flags/flags/zw.svg]
[www.interpals.net/images/circle-flags/flags/lk.svg]
[www.interpals.net/images/circle-flags/flags/sk.svg]
[www.interpals.net/images/circle-flags/flags/si.svg]
[www.interpals.net/images/circle-flags/flags/ws.svg]
[www.interpals.net/images/circle-flags/flags/so.svg]
[www.interpals.net/images/circle-flags/flags/al.svg]
[www.interpals.net/images/circle-flags/flags/rs.svg]
[www.interpals.net/images/circle-flags/flags/sz.svg]
[www.interpals.net/images/circle-flags/flags/ls.svg]
[www.interpals.net/images/circle-flags/flags/id.svg]
[www.interpals.net/images/circle-flags/flags/se.svg]
[www.interpals.net/images/circle-flags/flags/tz.svg]
[www.interpals.net/images/circle-flags/flags/tj.svg]
[www.interpals.net/images/circle-flags/flags/th.svg]
[www.interpals.net/images/circle-flags/flags/er.svg]
[www.interpals.net/images/circle-flags/flags/tm.svg]
[www.interpals.net/images/circle-flags/flags/ph.svg]
[www.interpals.net/images/circle-flags/flags/bw.svg]
[www.interpals.net/images/circle-flags/flags/tr.svg]
[www.interpals.net/images/circle-flags/flags/ua.svg]
[www.interpals.net/images/circle-flags/flags/uz.svg]
[www.interpals.net/images/circle-flags/flags/vn.svg]
[www.interpals.net/images/circle-flags/flags/sn.svg]
[github.com/MicrosoftDocs/enduser-archived-pr/blob/5aca253e6c4a0f57cc190ddcca7038404916d44f/Internet-Explorer/internet-explorer-help.html]
[github.com/MicrosoftDocs/enduser-archived-pr/blob/live/Internet-Explorer/internet-explorer-help.html]
[support.microsoft.com/en-us/internet-explorer/internet-explorer-help-2.html]
[support.microsoft.com/lib/bootstrap/dist/css/bootstrap.min5943.css]
[support.microsoft.com/css/sitewide/sitewide62b8.css]
[support.microsoft.com/css/promotionbanner/promotion-banner484e.css]
[support.microsoft.com/css/glyphs/glyphs9310.css]
[support.microsoft.com/css/fonts/site-fonts23a1.css]
[support.microsoft.com/css/MeControlCallout/teaching-calloutfbcb.css]
[support.microsoft.com/css/Learn/learn.mind4b0.css]
[www.microsoft.com/onerfstatics/marketingsites-wcus-prod/west-european/shell/_scrf/css/themes=default.device=uplevel_web_pc/63-57d110/c9-be0100/a6-e969ef/43-9f2e7c/82-8b5456/a0-5d3913/4f-460e79/ae-f1ac0c2f21.css]
[schema.org/Organization.html]
[www.microsoft.com/index.html]
[support.microsoft.com/en-us.html]
[www.microsoft.com/en-us/microsoft-365ca11.html]
[www.microsoft.com/en-us/microsoft-365/microsoft-office94ae.html]
[support.microsoft.com/en-us/microsoft-365.html]
[support.microsoft.com/en-us/outlook.html]
[support.microsoft.com/en-us/teams.html]
[support.microsoft.com/en-us/onedrive.html]
[support.microsoft.com/en-us/microsoft-copilot.html]
[support.microsoft.com/en-us/onenote.html]
[support.microsoft.com/en-us/windows.html]
[support.microsoft.com/en-us/all-products.html]
[support.microsoft.com/en-us/surface.html]
[support.microsoft.com/en-us/pc-accessories.html]
[support.xbox.com/index.html]
[support.xbox.com/help/games-apps/my-games-apps/all-about-pc-gaming.html]
[docs.microsoft.com/hololens/index.html]
[learn.microsoft.com/surface-hub/index.html]
[support.microsoft.com/en-us/warranty.html]
[support.microsoft.com/en-us/account.html]
[support.microsoft.com/en-us/microsoft-store-and-billing.html]
[support.microsoft.com/en-us/whats-new.html]
[learn.microsoft.com/en-us/answers/index.html]
[portal.office.com/AdminPortal.html]
[go.microsoft.com/fwlink/index7402.html]
[developer.microsoft.com/index.html]
[support.microsoft.com/en-us/education.html]
[www.microsoft.com/reportascam/index.html]
[support.microsoft.com/en-US/surface/product-safety-guidelines.html]
[go.microsoft.com/fwlink/indexa798.html]
[www.microsoft.com/en-us/microsoft-365.html]
[azure.microsoft.com/en-us332f.html]
[copilot.microsoft.com/index.html]
[www.microsoft.com/en-us/windows/index.html]
[www.microsoft.com/en-us/surface.html]
[www.xbox.com/index.html]
[www.microsoft.com/en-us/store/b/saled285.html]
[www.microsoft.com/en-us/store/b/business.html]
[apps.microsoft.com/home3209.html]
[www.microsoft.com/en-us/microsoft-365/outlook/email-and-calendar-software-microsoft-outlook.html]
[www.microsoft.com/en-us/microsoft-365/onedrive/online-cloud-storage.html]
[www.microsoft.com/en-us/microsoft-teams/group-chat-software.html]
[www.microsoft.com/en-us/microsoft-365/onenote/digital-note-taking-app.html]
[www.microsoft.com/en-us/edge3b31.html]
[support.microsoft.com/en-us/office/moving-from-skype-to-microsoft-teams-free-3c0caa26-d9db-4179-bcb3-930ae2c875703021.html]
[www.microsoft.com/en-us/store/b/pcd094.html]
[www.microsoft.com/en-us/store/b/xbox30cb.html]
[www.microsoft.com/en-us/store/b/accessories3d24.html]
[www.microsoft.com/en-us/store/b/virtualrealityab8d.html]
[www.microsoft.com/en-us/store/b/certified-refurbished-products.html]
[www.microsoft.com/en-us/store/b/microsoft-trade-in.html]
[www.xbox.com/en-us/games/store/xbox-game-pass-ultimate/cfq7ttc0khs060ee.html]
[www.xbox.com/en-us/games/store/pc-game-pass/cfq7ttc0kgq85bee.html]
[www.microsoft.com/en-us/store/b/xboxgames7482.html]
[apps.microsoft.com/games.html]
[www.microsoft.com/en-us/ai0a2a.html]
[www.microsoft.com/en-us/security.html]
[www.microsoft.com/en-us/dynamics-365.html]
[www.microsoft.com/en-us/microsoft-365/business.html]
[www.microsoft.com/en-us/power-platform.html]
[www.microsoft.com/en-us/windows-365.html]
[www.microsoft.com/en-us/store/b/business500e.html]
[www.microsoft.com/en-us/sovereignty45b5.html]
[azure.microsoft.com/en-us/index.html]
[developer.microsoft.com/en-us/index.html]
[learn.microsoft.com/index.html]
[www.microsoft.com/en-us/software-development-companies/offers-benefits/isv-successb930.html]
[techcommunity.microsoft.com/index.html]
[marketplace.microsoft.com/index4728.html]
[www.microsoft.com/en-us/software-development-companies415c.html]
[visualstudio.microsoft.com/index.html]
[www.microsoft.com/en-us/download.html]
[www.microsoft.com/en-us/education.html]
[www.microsoft.com/en-us/store/b/gift-cardseced.html]
[www.microsoft.com/licensing/index.html]
[unlocked.microsoft.com/index.html]
[www.microsoft.com/en-us/sitemap.html]
[support.microsoft.com/en-us/microsoft-edge/internet-explorer-mode-in-microsoft-edge-6604162f-e38a-48b2-acd2-682dbac6f0de.html]
[go.microsoft.com/fwlink/index3613.html]
[support.microsoft.com/en-us/microsoft-edge/make-the-switch-to-microsoft-edge-a6f7173e-e84a-36a3-9728-3df20ade9b3c.html]
[www.microsoft.com/en-US/privacy/privacystatement.html]
[www.microsoft.com/en-us/surface/devices/surface-pro.html]
[www.microsoft.com/en-us/surface/devices/surface-laptop.html]
[www.microsoft.com/en-us/d/Surface-Laptop-Studio-2/8rqr54krf1dz.html]
[www.microsoft.com/en-us/microsoft-copilot/organizations2ca9.html]
[www.microsoft.com/en-us/microsoft-copilot/for-individualsdd16.html]
[www.microsoft.com/en-us/windows/ai-featuresc8e6.html]
[www.microsoft.com/en-us/microsoft-products-and-apps.html]
[www.microsoft.com/en-us/windows/apps-for-windows4b39.html]
[account.microsoft.com/index.html]
[go.microsoft.com/fwlink/index79b6.html]
[www.microsoft.com/en-us/store/b/returns.html]
[www.microsoft.com/en-us/store/b/order-tracking.html]
[www.microsoft.com/en-us/store/b/why-microsoft-store1c9e.html]
[www.microsoft.com/en-us/store/b/payment-financing-options0c09.html]
[www.microsoft.com/en-us/education/devices/overview.html]
[www.microsoft.com/en-us/education/products/teams.html]
[www.microsoft.com/en-us/education/products/microsoft-365.html]
[www.microsoft.com/en-us/education/how-to-buy.html]
[education.microsoft.com/index.html]
[www.microsoft.com/en-us/store/b/education.html]
[www.microsoft.com/en-us/education/ai-in-education.html]
[www.microsoft.com/en-us/aif2c6.html]
[www.microsoft.com/en-us/microsoft-365-copilotab0a.html]
[www.microsoft.com/en-us/software-development-companies/offers-benefits/isv-success4a53.html]
[marketplace.microsoft.com/index63bb.html]
[careers.microsoft.com/index.html]
[www.microsoft.com/en-us/about.html]
[news.microsoft.com/source/indexa297.html]
[www.microsoft.com/en-us/privacy4f9e.html]
[www.microsoft.com/en-us/investor/default.html]
[www.microsoft.com/en-us/diversity/default39a5.html]
[www.microsoft.com/en-us/accessibility.html]
[www.microsoft.com/en-us/sustainability/index.html]
[support.microsoft.com/en-us/worldwide.html]
[go.microsoft.com/fwlink/index8e78.html]
[go.microsoft.com/fwlink/index6b75.html]
[support.microsoft.com/en-US/contactus.html]
[go.microsoft.com/fwlink/index5d3b.html]
[go.microsoft.com/fwlink/indexf16e.html]
[go.microsoft.com/fwlink/index8b9c.html]
[go.microsoft.com/fwlink/index7656.html]
[www.microsoft.com/en-us/legal/compliance/recycling.html]
[choice.microsoft.com/index.html]
[login.microsoftonline.com/common/oauth2/v2.0/authorizee64c.html]
[login.microsoftonline.com/common/oauth2/v2.0/logout071a.html]
[login.microsoftonline.com/common/oauth2/v2.0/authorizeecd7.html]
[login.microsoftonline.com/common/oauth2/v2.0/authorizef04f.html]
[www.w3.org/1999/xhtml/index.html]
[netdna.bootstrapcdn.com/font-awesome/4.0.3/css/font-awesome.css]
[cdn.tailwindcss.com/index.html]
[www.interpals.net/indexa16d.html]
[www.interpals.net/images/logo-interpals-v2.svg]
[web.archive.org/web/_/http_/www.interpals.html]
[www.interpals.net/feedback.html]
[www.paypal.com/index.html]
[play.google.com/store/apps/details3975.html]
[en.wikipedia.org/wiki/BBCode.html]
[policies.google.com/privacy.html]
[policies.google.com/terms.html]
[twitter.com/interpals]
[www.getfirefox.com_443/index.html]
[thenai.org/opt-out/index.html]
[thenai.org/opt-out/index.html]
